../Core/Src/main.c:63:6:AccessSharedData	8	static
../Core/Src/main.c:93:5:main	128	static
../Core/Src/main.c:179:6:SystemClock_Config	72	static
../Core/Src/main.c:219:13:MX_GPIO_Init	40	static
../Core/Src/main.c:266:6:StartDefaultTask	16	static
../Core/Src/main.c:284:6:greenLEDFlashing	16	static
../Core/Src/main.c:314:6:redLEDFlashing	16	static
../Core/Src/main.c:344:6:orangeLEDFlashing	16	static
../Core/Src/main.c:364:6:HAL_TIM_PeriodElapsedCallback	16	static
../Core/Src/main.c:381:6:Error_Handler	4	static,ignoring_inline_asm
